# submitted at 2026-06-03T12:05:14.450Z (type=URL_UPDATED, ok=60, fail=0)
https://kyounoko.jp/feature
https://kyounoko.jp/feature/summer-vacation-kids
https://kyounoko.jp/feature/rainy-day-indoor
https://kyounoko.jp/feature/free-spots
https://kyounoko.jp/feature/baby-friendly
https://kyounoko.jp/kid-reports
https://kyounoko.jp/article/0-1sai-ie-asobi-10pun
https://kyounoko.jp/article/1-2sai-oshaberi-sukunai-asobi
https://kyounoko.jp/article/19ji-shoutou-routine
https://kyounoko.jp/article/1sai-oshaberi-shinai-itsumade
https://kyounoko.jp/article/1sai-pool-debut-motimono
https://kyounoko.jp/article/2sai-jump-dekinai-shinpai
https://kyounoko.jp/article/2sai-kanshaku-koekake-top10
https://kyounoko.jp/article/3sai-hiragana-yomenai-ouchi-gakushuu
https://kyounoko.jp/article/3sai-shoushoku-taisaku
https://kyounoko.jp/article/9gatsu-yobosesshu-4sai-made-checklist
https://kyounoko.jp/article/aitei-ashi-shinpai-hayai-osoi
https://kyounoko.jp/article/akachan-15pun-asobi
https://kyounoko.jp/article/akachan-asemo-taisaku-2026
https://kyounoko.jp/article/akachan-hiyakedome-itsukara-erabikata
https://kyounoko.jp/article/akachan-odekake-3months-1year
https://kyounoko.jp/article/akachan-yodare-kabure-care-matome
https://kyounoko.jp/article/aki-iro-asobi-kodomo
https://kyounoko.jp/article/aki-matsuri-kodzure-koryaku
https://kyounoko.jp/article/amenohi-ie-asobi-2-3sai
https://kyounoko.jp/article/amenohi-ie-asobi-4-6sai
https://kyounoko.jp/article/amenohi-indoor-spots-tokyo-15
https://kyounoko.jp/article/amenohi-stroller-spots-tokyo
https://kyounoko.jp/article/anrakutei-kodzure-koryaku
https://kyounoko.jp/article/asa-30pun-routine
https://kyounoko.jp/article/asagohan-5pun-pattern-10
https://kyounoko.jp/article/asagohan-5pun-reshipi-20
https://kyounoko.jp/article/asagohan-hoikuen-15pun
https://kyounoko.jp/article/asagohan-obento-douji-15pun
https://kyounoko.jp/article/baby-chair-ranking
https://kyounoko.jp/article/baby-rucksack-erabikata
https://kyounoko.jp/article/baby-senzai-ranking
https://kyounoko.jp/article/babycar-a-b-buggy-3type-7koumoku
https://kyounoko.jp/article/babycar-erabikata
https://kyounoko.jp/article/babycar-good-station-top30-tokyo-2026
https://kyounoko.jp/article/babycar-itsukara-tsukau
https://kyounoko.jp/article/babycar-osusume-2026-15model-hikaku
https://kyounoko.jp/article/babycar-ranking-2026
https://kyounoko.jp/article/babycar-vs-dakkohimo-tsukaiwake-data
https://kyounoko.jp/article/babycar-yarakashi-50-keikenshudan
https://kyounoko.jp/article/babygate-kaidan-ranking-7-2026
https://kyounoko.jp/article/bamiyan-china-toribunke-real
https://kyounoko.jp/article/bamiyan-kodzure-koryaku
https://kyounoko.jp/article/baskin-robbins-31-kodzure-koryaku
https://kyounoko.jp/article/bebycar-ok-cafe-15
https://kyounoko.jp/article/bedlight-3type-kodomo
https://kyounoko.jp/article/bento-takeout-chain-kodzure-4sha
https://kyounoko.jp/article/bikkuri-donkey-kodzure-koryaku
https://kyounoko.jp/article/booster-3type-2-7sai
https://kyounoko.jp/article/bousai-no-hi-katei-bichiku-mininaosu
https://kyounoko.jp/article/bronco-billy-kodzure-koryaku
https://kyounoko.jp/article/burger-chain-kodzure-ranking-2026-5sha
https://kyounoko.jp/article/burger-king-kodzure-koryaku
https://kyounoko.jp/article/cafe-3chain-kodzure-hikaku
https://kyounoko.jp/article/cafe-chain-kodzure-ranking-2026-6sha
# submitted at 2026-06-03T12:05:44.858Z (type=URL_UPDATED, ok=60, fail=0)
https://kyounoko.jp/article/chichi-no-hi-purezento-2-6sai-tedukuri-15sen
https://kyounoko.jp/article/chichinohi-3sai-dekiru-tedukuri-10
https://kyounoko.jp/article/chichinohi-purezento-kodomo-tedukuri
https://kyounoko.jp/article/chicken-kodomo-10pattern
https://kyounoko.jp/article/chiiku-asobi-ie-de-10
https://kyounoko.jp/article/chiiku-gangu-toha
https://kyounoko.jp/article/chiiku-omocha-toha
https://kyounoko.jp/article/chiiku-subsc-3sha-2026-comparison
https://kyounoko.jp/article/chiiku-subsc-hikaku-4sha
https://kyounoko.jp/article/chiiku-toys-2-3sai-5sen
https://kyounoko.jp/article/chiiku-toys-3brand-2-4sai
https://kyounoko.jp/article/chiiku-toys-rakuten-1-3sai-ranking
https://kyounoko.jp/article/chiku-naraigoto-kumon-shichida-monte
https://kyounoko.jp/article/child-seat-0-7sai-5brand
https://kyounoko.jp/article/christmas-cake-kodzure-erabikata
https://kyounoko.jp/article/christmas-present-kodomo-nenrei-betsu
https://kyounoko.jp/article/cocoichi-kodzure-koryaku
https://kyounoko.jp/article/cocos-baby-chair
https://kyounoko.jp/article/cocos-birthday-real
https://kyounoko.jp/article/cocos-kodzure-koryaku
https://kyounoko.jp/article/conveni-kodzure-kids-shokuzai-4sha
https://kyounoko.jp/article/dakkohimo-3brand-7koumoku-2026
https://kyounoko.jp/article/dakkohimo-itsukara-shinseiji
https://kyounoko.jp/article/dakkohimo-ranking-2026
https://kyounoko.jp/article/denny-s-kodzure-koryaku
https://kyounoko.jp/article/dennys-arerugen-real
https://kyounoko.jp/article/dennys-baby-chair
https://kyounoko.jp/article/dennys-stroller
https://kyounoko.jp/article/denshi-mosquito-4brand-anzen
https://kyounoko.jp/article/dessert-kodomo-tezukuri-5
https://kyounoko.jp/article/doutor-kodzure-koryaku
https://kyounoko.jp/article/ehon-yomikikase-kotsu
https://kyounoko.jp/article/eigo-asobi-ie-de-4-6sai
https://kyounoko.jp/article/eigo-kyouzai-3brand-2-6sai
https://kyounoko.jp/article/eigo-naraigoto-nansai-kara
https://kyounoko.jp/article/eiyou-bento-hoikuen-1week
https://kyounoko.jp/article/enpitsu-nigirenai-3sai-tesaki
https://kyounoko.jp/article/famires-7chain-8koumoku-2026
https://kyounoko.jp/article/famires-kodzure-ranking-2026-10sen
https://kyounoko.jp/article/fathers-day-tezukuri-kodomo-2026
https://kyounoko.jp/article/freshness-burger-kodzure-koryaku
https://kyounoko.jp/article/gaishoku-chain-kodomo-anzen-guide
https://kyounoko.jp/article/gaisyoku-ko-ga-taberu
https://kyounoko.jp/article/gotsugo-hattaku-muchi-kodomo
https://kyounoko.jp/article/gusto-kodzure-koryaku
https://kyounoko.jp/article/gusto-rinyu-warm-real
https://kyounoko.jp/article/gusto-vs-jonathan-kodzure-douchi
https://kyounoko.jp/article/guzu-guzu-tomaranai-yochien
https://kyounoko.jp/article/gyudon-4chain-kodzure-hayami
https://kyounoko.jp/article/gyudon-chain-kodzure-ranking-2026-4sha
https://kyounoko.jp/article/gyukaku-kodzure-koryaku
https://kyounoko.jp/article/gyuuniku-ryouri-kodomo-okiniiri
https://kyounoko.jp/article/hahanohi-purezento-kodomo-tedukuri
https://kyounoko.jp/article/hai-hai-shinai-tsuri-bai-kara
https://kyounoko.jp/article/halloween-isho-tedukuri-kazari-kodomo
https://kyounoko.jp/article/halloween-kasou-junbi
https://kyounoko.jp/article/halloween-kodzure-events-2026
https://kyounoko.jp/article/hama-sushi-kodzure-koryaku
https://kyounoko.jp/article/hanamaru-udon-kodzure-koryaku
https://kyounoko.jp/article/hasami-tsukaenai-itsukara-renshu
# submitted at 2026-06-03T12:06:15.646Z (type=URL_UPDATED, ok=60, fail=0)
https://kyounoko.jp/article/hatattsu-mileage-0-6sai-checklist
https://kyounoko.jp/article/hatsumoude-kodzure-kanto-15
https://kyounoko.jp/article/hatsuzekku-sugoshikata
https://kyounoko.jp/article/heijitsu-yoru-30pun-routine
https://kyounoko.jp/article/highchair-4brand-toritsuke-syohi
https://kyounoko.jp/article/hinamatsuri-gohan-kodomo
https://kyounoko.jp/article/hitomishiri-atooi-itsumade
https://kyounoko.jp/article/hitori-de-neru-nansai-kara
https://kyounoko.jp/article/hitori-hamigaki-nansai-kara
https://kyounoko.jp/article/hoikuen-erabikata
https://kyounoko.jp/article/hoikuen-kaeri-15min
https://kyounoko.jp/article/hoikuen-sougei-jitan
https://kyounoko.jp/article/hoikuen-yochien-erabikata-criteria
https://kyounoko.jp/article/hottomotto-kodzure-koryaku
https://kyounoko.jp/article/ikea-restaurant-kodzure-koryaku
https://kyounoko.jp/article/iyaiya-ki-taisho-2sai-7kufuu
https://kyounoko.jp/article/iyaiya-osaete-tsukeru-shitsuke
https://kyounoko.jp/article/iyaiya-shuuchu-asobi
https://kyounoko.jp/article/jabujabuike-mizuasobi-tokyo-30
https://kyounoko.jp/article/jitanhaden-ranking-7sen
https://kyounoko.jp/article/jitensha-hojorin-hazushi-nansai
https://kyounoko.jp/article/jiyukenkyu-1nichi-kodomo-30
https://kyounoko.jp/article/jiyukenkyu-kit-osusume-2026
https://kyounoko.jp/article/jonathan-baby-chair
https://kyounoko.jp/article/jonathan-kodzure-koryaku
https://kyounoko.jp/article/jonathan-morning-real
https://kyounoko.jp/article/jonathan-stroller
https://kyounoko.jp/article/junior-seat-2-3sai-hikaku-15
https://kyounoko.jp/article/kagonoya-kodzure-koryaku
https://kyounoko.jp/article/kaisuiyoku-1sai-debut-mochimono
https://kyounoko.jp/article/kaiten-sushi-4chain-comparison
https://kyounoko.jp/article/kakigori-kodomo-tezukuri-recipe
https://kyounoko.jp/article/kakigori-softcream-chain-kodzure-hikaku
https://kyounoko.jp/article/kankaku-kabin-kodomo-taisaku
https://kyounoko.jp/article/kanto-ajisai-kodzure-spot-10
https://kyounoko.jp/article/kanto-doubutsuen-1sai-kara-ranking
https://kyounoko.jp/article/kappa-sushi-kodzure-koryaku
https://kyounoko.jp/article/katei-pool-osusume-ranking-2026
https://kyounoko.jp/article/keirou-no-hi-4sai-photo-message-card
https://kyounoko.jp/article/kenka-kyoudai-chuusai-houhou
https://kyounoko.jp/article/kfc-kodzure-koryaku
https://kyounoko.jp/article/kids-menu-chain-15-hikaku
https://kyounoko.jp/article/kids-menu-nansai-kara-hayami
https://kyounoko.jp/article/kids-space-lunch-10
https://kyounoko.jp/article/ko-ga-nenai-5kufuu
https://kyounoko.jp/article/kodomo-asa-udon-tamagotoji-rinyuushoku-go
https://kyounoko.jp/article/kodomo-banana-kinako-yogurt-1sai-asagohan
https://kyounoko.jp/article/kodomo-buta-kimchi-kara-nashi-fp1
https://kyounoko.jp/article/kodomo-butter-rice-onigiri-sake-flake
https://kyounoko.jp/article/kodomo-byoki-meneki-real-data-2026
https://kyounoko.jp/article/kodomo-cabbage-shabushabu-houchou-fuyou
https://kyounoko.jp/article/kodomo-camp-debut-0-2sai-souviru
https://kyounoko.jp/article/kodomo-cereal-tounyu-pudding-mae-shikomi
https://kyounoko.jp/article/kodomo-chara-tamagoyaki-rinji-5min
https://kyounoko.jp/article/kodomo-cheese-omelette-1pun-asa
https://kyounoko.jp/article/kodomo-fruit-yogurt-bowl-asa
https://kyounoko.jp/article/kodomo-frypan-doria-1pan-10min
https://kyounoko.jp/article/kodomo-gerizamu-moudiarrhea-taiou
https://kyounoko.jp/article/kodomo-ham-cheese-roll-sandwich-houchou-fuyou
https://kyounoko.jp/article/kodomo-handy-fan-neck-cooler-2026
